// Jest Snapshot v1, https://goo.gl/fbAQLP

exports[`<LoginPage /> should render correctly 1`] = `
ShallowWrapper {
  "length": 1,
  Symbol(enzyme.__root__): [Circular],
  Symbol(enzyme.__unrendered__): <LoginPage />,
  Symbol(enzyme.__renderer__): Object {
    "batchedUpdates": [Function],
    "getNode": [Function],
    "render": [Function],
    "simulateEvent": [Function],
    "unmount": [Function],
  },
  Symbol(enzyme.__node__): Object {
    "instance": null,
    "key": undefined,
    "nodeType": "host",
    "props": Object {
      "children": <Segment
        raised={true}
        style={
                Object {
                        "@media (min-width: 500px)": Object {
                          "height": "300px",
                          "width": "400px",
                        },
                        "height": "250px",
                        "width": "100%",
                      }
        }
>
        <h1>
                hi
        </h1>
</Segment>,
      "data-radium": true,
      "style": Object {
        "alignItems": "center",
        "background": "linear-gradient(#ff9a9e,#fecfef)",
        "display": "flex",
        "height": "100vh",
        "justifyContent": "center",
        "width": "100%",
      },
    },
    "ref": null,
    "rendered": Object {
      "instance": null,
      "key": undefined,
      "nodeType": "function",
      "props": Object {
        "children": <h1>
          hi
</h1>,
        "raised": true,
        "style": Object {
          "@media (min-width: 500px)": Object {
            "height": "300px",
            "width": "400px",
          },
          "height": "250px",
          "width": "100%",
        },
      },
      "ref": null,
      "rendered": Object {
        "instance": null,
        "key": undefined,
        "nodeType": "host",
        "props": Object {
          "children": "hi",
        },
        "ref": null,
        "rendered": "hi",
        "type": "h1",
      },
      "type": [Function],
    },
    "type": "div",
  },
  Symbol(enzyme.__nodes__): Array [
    Object {
      "instance": null,
      "key": undefined,
      "nodeType": "host",
      "props": Object {
        "children": <Segment
          raised={true}
          style={
                    Object {
                              "@media (min-width: 500px)": Object {
                                "height": "300px",
                                "width": "400px",
                              },
                              "height": "250px",
                              "width": "100%",
                            }
          }
>
          <h1>
                    hi
          </h1>
</Segment>,
        "data-radium": true,
        "style": Object {
          "alignItems": "center",
          "background": "linear-gradient(#ff9a9e,#fecfef)",
          "display": "flex",
          "height": "100vh",
          "justifyContent": "center",
          "width": "100%",
        },
      },
      "ref": null,
      "rendered": Object {
        "instance": null,
        "key": undefined,
        "nodeType": "function",
        "props": Object {
          "children": <h1>
            hi
</h1>,
          "raised": true,
          "style": Object {
            "@media (min-width: 500px)": Object {
              "height": "300px",
              "width": "400px",
            },
            "height": "250px",
            "width": "100%",
          },
        },
        "ref": null,
        "rendered": Object {
          "instance": null,
          "key": undefined,
          "nodeType": "host",
          "props": Object {
            "children": "hi",
          },
          "ref": null,
          "rendered": "hi",
          "type": "h1",
        },
        "type": [Function],
      },
      "type": "div",
    },
  ],
  Symbol(enzyme.__options__): Object {
    "adapter": ReactSixteenAdapter {
      "options": Object {
        "enableComponentDidUpdateOnSetState": true,
      },
    },
  },
}
`;
